*.local:8801 aaz;
*.local:8804 aaz;
*.local:8805 blz;
*.local:8806 liz;
*.local:8807 soz;
*.local:8808 ot;
*.local:8809 gtb;
*.local:8810 channels;
*.local:8811 partnersite;
*.local:8812 medien;
*.local:8813 azcup;
*.local:8814 aargauersport;
*.local:8815 gesundheitaargau;
*.local:8816 bzb;
*.local:8817 aargauerkultur;
*.local:8818 nabaward;
*.local:8819 azpreview;
*.local:8830 bat;
*.local:8185 image;

localhost:8801 aaz;
localhost:8803 marktplatz;
localhost:8804 aaz;
localhost:8805 blz;
localhost:8806 liz;
localhost:8807 soz;
localhost:8808 ot;
localhost:8809 gtb;
localhost:8810 channels;
localhost:8811 partnersite;
localhost:8812 medien;
localhost:8813 azcup;
localhost:8814 aargauersport;
localhost:8815 gesundheitaargau;
localhost:8816 bzb;
localhost:8817 aargauerkultur;
localhost:8818 nabaward;
localhost:8819 azpreview;
localhost:8830 bat;
localhost:8185 image;

azbox:8801 aaz;
azbox:8803 marktplatz;
azbox:8804 aaz;
azbox:8805 blz;
azbox:8806 liz;
azbox:8807 soz;
azbox:8808 ot;
azbox:8809 gtb;
azbox:8810 channels;
azbox:8811 partnersite;
azbox:8812 medien;
azbox:8813 azcup;
azbox:8814 aargauersport;
azbox:8815 gesundheitaargau;
azbox:8816 bzb;
azbox:8817 aargauerkultur;
azbox:8818 nabaward;
azbox:8819 azpreview;
azbox:8830 bat;
azbox:8185 image;

newsbox:8803 marktplatz;
newsbox:8801 aaz;
newsbox:8804 aaz;
newsbox:8805 blz;
newsbox:8806 liz;
newsbox:8807 soz;
newsbox:8808 ot;
newsbox:8809 gtb;
newsbox:8810 channels;
newsbox:8811 partnersite;
newsbox:8812 medien;
newsbox:8813 azcup;
newsbox:8814 aargauersport;
newsbox:8815 gesundheitaargau;
newsbox:8816 bzb;
newsbox:8817 aargauerkultur;
newsbox:8818 nabaward;
newsbox:8819 azpreview;
newsbox:8830 bat;
newsbox:8185 image;
